Change Component Designator: Old Designator=C? New Designator=C34
Change Component Designator: Old Designator=C? New Designator=C35
Change Component Designator: Old Designator=C? New Designator=C36
Change Component Designator: Old Designator=C? New Designator=C37
Change Component Designator: Old Designator=C? New Designator=C38
Change Component Designator: Old Designator=C? New Designator=C39
Change Component Designator: Old Designator=H? New Designator=H7
Change Component Designator: Old Designator=LED? New Designator=LED11
Change Component Designator: Old Designator=LED? New Designator=LED12
Change Component Designator: Old Designator=MH? New Designator=MH9
Change Component Designator: Old Designator=MH? New Designator=MH10
Change Component Designator: Old Designator=MH? New Designator=MH11
Change Component Designator: Old Designator=MH? New Designator=MH12
Change Component Designator: Old Designator=MH? New Designator=MH13
Change Component Designator: Old Designator=MH? New Designator=MH14
Change Component Designator: Old Designator=MH? New Designator=MH15
Change Component Designator: Old Designator=MH? New Designator=MH16
Change Component Designator: Old Designator=MH? New Designator=MH17
Change Component Designator: Old Designator=R? New Designator=R39
Change Component Designator: Old Designator=R? New Designator=R40
Change Component Designator: Old Designator=R? New Designator=R41
Change Component Designator: Old Designator=R? New Designator=R42
Change Component Designator: Old Designator=U? New Designator=U10
Change Component Designator: Old Designator=U? New Designator=U11
Change Component Designator: Old Designator=U? New Designator=U12
Change Component Designator: Old Designator=U? New Designator=U13
Change Component Designator: Old Designator=U? New Designator=U14
